  Determinando os projetos a serem restaurados...
  Todos os projetos estão atualizados para restauração.
d:\Projetos\Bolao\Bolao-Backend\Services\PhoneValidator.cs(28,37): warning CS0168: A variável "e" está declarada, mas nunca é usada [d:\Projetos\Bolao\Bolao-Backend\Bolao-Backend.csproj]
d:\Projetos\Bolao\Bolao-Backend\Services\PhoneValidator.cs(51,37): warning CS0168: A variável "e" está declarada, mas nunca é usada [d:\Projetos\Bolao\Bolao-Backend\Bolao-Backend.csproj]
d:\Projetos\Bolao\Bolao-Backend\Services\PhoneValidator.cs(55,26): warning CS0168: A variável "ex" está declarada, mas nunca é usada [d:\Projetos\Bolao\Bolao-Backend\Bolao-Backend.csproj]
d:\Projetos\Bolao\Bolao-Backend\DTOs\GrupDTOs.cs(6,28): warning CS8618: O propriedade não anulável 'Teams' precisa conter um valor não nulo ao sair do construtor. Considere adicionar o modificador "obrigatório" ou declarar o propriedade como anulável. [d:\Projetos\Bolao\Bolao-Backend\Bolao-Backend.csproj]
d:\Projetos\Bolao\Bolao-Backend\DTOs\MatchDTOs.cs(5,19): warning CS8618: O propriedade não anulável 'StageName' precisa conter um valor não nulo ao sair do construtor. Considere adicionar o modificador "obrigatório" ou declarar o propriedade como anulável. [d:\Projetos\Bolao\Bolao-Backend\Bolao-Backend.csproj]
d:\Projetos\Bolao\Bolao-Backend\Repository\MachesRepository.cs(18,9): warning CS4014: Como esta chamada não é aguardada, a execução do método atual continua antes da conclusão da chamada. Considere aplicar o operador 'await' ao resultado da chamada. [d:\Projetos\Bolao\Bolao-Backend\Bolao-Backend.csproj]
d:\Projetos\Bolao\Bolao-Backend\Services\AdminService.cs(25,13): warning CS0472: O resultado da expressão é sempre 'false', pois um valor do tipo 'PaymentStatus' nunca é igual a "null" do tipo 'PaymentStatus?' [d:\Projetos\Bolao\Bolao-Backend\Bolao-Backend.csproj]
d:\Projetos\Bolao\Bolao-Backend\Program.cs(117,76): warning CS8604: Possível argumento de referência nula para o parâmetro 's' em 'byte[] Encoding.GetBytes(string s)'. [d:\Projetos\Bolao\Bolao-Backend\Bolao-Backend.csproj]
d:\Projetos\Bolao\Bolao-Backend\Repository\MachesRepository.cs(59,16): warning CS8603: Possível retorno de referência nula. [d:\Projetos\Bolao\Bolao-Backend\Bolao-Backend.csproj]
d:\Projetos\Bolao\Bolao-Backend\Services\AdminService.cs(262,44): warning CS8604: Possível argumento de referência nula para o parâmetro 'team' em 'Task IMachesRepository.UpdateTeam(TeamModel team)'. [d:\Projetos\Bolao\Bolao-Backend\Bolao-Backend.csproj]
d:\Projetos\Bolao\Bolao-Backend\Services\AdminService.cs(263,44): warning CS8604: Possível argumento de referência nula para o parâmetro 'team' em 'Task IMachesRepository.UpdateTeam(TeamModel team)'. [d:\Projetos\Bolao\Bolao-Backend\Bolao-Backend.csproj]
d:\Projetos\Bolao\Bolao-Backend\Repository\MachesRepository.cs(96,26): warning CS8600: Conversão de literal nula ou possível valor nulo em tipo não anulável. [d:\Projetos\Bolao\Bolao-Backend\Bolao-Backend.csproj]
d:\Projetos\Bolao\Bolao-Backend\Repository\MachesRepository.cs(97,16): warning CS8603: Possível retorno de referência nula. [d:\Projetos\Bolao\Bolao-Backend\Bolao-Backend.csproj]
d:\Projetos\Bolao\Bolao-Backend\Services\UserService.cs(28,59): warning CS8625: Não é possível converter um literal nulo em um tipo de referência não anulável. [d:\Projetos\Bolao\Bolao-Backend\Bolao-Backend.csproj]
d:\Projetos\Bolao\Bolao-Backend\Db\BolaoDbContextFactory.cs(39,32): warning CS8602: Desreferência de uma referência possivelmente nula. [d:\Projetos\Bolao\Bolao-Backend\Bolao-Backend.csproj]
d:\Projetos\Bolao\Bolao-Backend\DTOs\CreateUserDTOs.cs(5,19): warning CS8618: O propriedade não anulável 'Name' precisa conter um valor não nulo ao sair do construtor. Considere adicionar o modificador "obrigatório" ou declarar o propriedade como anulável. [d:\Projetos\Bolao\Bolao-Backend\Bolao-Backend.csproj]
d:\Projetos\Bolao\Bolao-Backend\DTOs\CreateUserDTOs.cs(6,19): warning CS8618: O propriedade não anulável 'Email' precisa conter um valor não nulo ao sair do construtor. Considere adicionar o modificador "obrigatório" ou declarar o propriedade como anulável. [d:\Projetos\Bolao\Bolao-Backend\Bolao-Backend.csproj]
d:\Projetos\Bolao\Bolao-Backend\DTOs\CreateUserDTOs.cs(7,19): warning CS8618: O propriedade não anulável 'Password' precisa conter um valor não nulo ao sair do construtor. Considere adicionar o modificador "obrigatório" ou declarar o propriedade como anulável. [d:\Projetos\Bolao\Bolao-Backend\Bolao-Backend.csproj]
d:\Projetos\Bolao\Bolao-Backend\DTOs\CreateUserDTOs.cs(8,19): warning CS8618: O propriedade não anulável 'ContirmPassword' precisa conter um valor não nulo ao sair do construtor. Considere adicionar o modificador "obrigatório" ou declarar o propriedade como anulável. [d:\Projetos\Bolao\Bolao-Backend\Bolao-Backend.csproj]
d:\Projetos\Bolao\Bolao-Backend\DTOs\CreateUserDTOs.cs(9,19): warning CS8618: O propriedade não anulável 'Phone' precisa conter um valor não nulo ao sair do construtor. Considere adicionar o modificador "obrigatório" ou declarar o propriedade como anulável. [d:\Projetos\Bolao\Bolao-Backend\Bolao-Backend.csproj]
d:\Projetos\Bolao\Bolao-Backend\DTOs\CreatePredictionDTOs.cs(10,19): warning CS8618: O propriedade não anulável 'HomeTeamName' precisa conter um valor não nulo ao sair do construtor. Considere adicionar o modificador "obrigatório" ou declarar o propriedade como anulável. [d:\Projetos\Bolao\Bolao-Backend\Bolao-Backend.csproj]
d:\Projetos\Bolao\Bolao-Backend\DTOs\CreatePredictionDTOs.cs(13,19): warning CS8618: O propriedade não anulável 'AwayTeamName' precisa conter um valor não nulo ao sair do construtor. Considere adicionar o modificador "obrigatório" ou declarar o propriedade como anulável. [d:\Projetos\Bolao\Bolao-Backend\Bolao-Backend.csproj]
d:\Projetos\Bolao\Bolao-Backend\DTOs\LoginDTOs.cs(5,19): warning CS8618: O propriedade não anulável 'Email' precisa conter um valor não nulo ao sair do construtor. Considere adicionar o modificador "obrigatório" ou declarar o propriedade como anulável. [d:\Projetos\Bolao\Bolao-Backend\Bolao-Backend.csproj]
d:\Projetos\Bolao\Bolao-Backend\DTOs\LoginDTOs.cs(6,19): warning CS8618: O propriedade não anulável 'Password' precisa conter um valor não nulo ao sair do construtor. Considere adicionar o modificador "obrigatório" ou declarar o propriedade como anulável. [d:\Projetos\Bolao\Bolao-Backend\Bolao-Backend.csproj]
d:\Projetos\Bolao\Bolao-Backend\Models\UserModel.cs(16,12): warning CS8618: O propriedade não anulável 'Name' precisa conter um valor não nulo ao sair do construtor. Considere adicionar o modificador "obrigatório" ou declarar o propriedade como anulável. [d:\Projetos\Bolao\Bolao-Backend\Bolao-Backend.csproj]
d:\Projetos\Bolao\Bolao-Backend\Models\UserModel.cs(16,12): warning CS8618: O propriedade não anulável 'Email' precisa conter um valor não nulo ao sair do construtor. Considere adicionar o modificador "obrigatório" ou declarar o propriedade como anulável. [d:\Projetos\Bolao\Bolao-Backend\Bolao-Backend.csproj]
d:\Projetos\Bolao\Bolao-Backend\Models\UserModel.cs(16,12): warning CS8618: O propriedade não anulável 'Password' precisa conter um valor não nulo ao sair do construtor. Considere adicionar o modificador "obrigatório" ou declarar o propriedade como anulável. [d:\Projetos\Bolao\Bolao-Backend\Bolao-Backend.csproj]
d:\Projetos\Bolao\Bolao-Backend\Models\UserModel.cs(16,12): warning CS8618: O propriedade não anulável 'Phone' precisa conter um valor não nulo ao sair do construtor. Considere adicionar o modificador "obrigatório" ou declarar o propriedade como anulável. [d:\Projetos\Bolao\Bolao-Backend\Bolao-Backend.csproj]
d:\Projetos\Bolao\Bolao-Backend\Models\TeamModel.cs(26,12): warning CS8618: O propriedade não anulável 'Name' precisa conter um valor não nulo ao sair do construtor. Considere adicionar o modificador "obrigatório" ou declarar o propriedade como anulável. [d:\Projetos\Bolao\Bolao-Backend\Bolao-Backend.csproj]
d:\Projetos\Bolao\Bolao-Backend\Models\TeamModel.cs(26,12): warning CS8618: O propriedade não anulável 'Abbreviation' precisa conter um valor não nulo ao sair do construtor. Considere adicionar o modificador "obrigatório" ou declarar o propriedade como anulável. [d:\Projetos\Bolao\Bolao-Backend\Bolao-Backend.csproj]
d:\Projetos\Bolao\Bolao-Backend\Repository\UserRepository.cs(72,26): warning CS8600: Conversão de literal nula ou possível valor nulo em tipo não anulável. [d:\Projetos\Bolao\Bolao-Backend\Bolao-Backend.csproj]
d:\Projetos\Bolao\Bolao-Backend\Repository\UserRepository.cs(73,16): warning CS8603: Possível retorno de referência nula. [d:\Projetos\Bolao\Bolao-Backend\Bolao-Backend.csproj]
d:\Projetos\Bolao\Bolao-Backend\Services\FifaThirdPlaceMatrix.cs(70,80): error CS0103: O nome "PrecomputeAll" não existe no contexto atual [d:\Projetos\Bolao\Bolao-Backend\Bolao-Backend.csproj]
d:\Projetos\Bolao\Bolao-Backend\Repository\UserRepository.cs(78,26): warning CS8600: Conversão de literal nula ou possível valor nulo em tipo não anulável. [d:\Projetos\Bolao\Bolao-Backend\Bolao-Backend.csproj]
d:\Projetos\Bolao\Bolao-Backend\Repository\UserRepository.cs(79,16): warning CS8603: Possível retorno de referência nula. [d:\Projetos\Bolao\Bolao-Backend\Bolao-Backend.csproj]
d:\Projetos\Bolao\Bolao-Backend\Services\MachesValidate.cs(12,19): warning CS8618: O propriedade não anulável 'TeamName' precisa conter um valor não nulo ao sair do construtor. Considere adicionar o modificador "obrigatório" ou declarar o propriedade como anulável. [d:\Projetos\Bolao\Bolao-Backend\Bolao-Backend.csproj]
d:\Projetos\Bolao\Bolao-Backend\Services\MachesValidate.cs(13,19): warning CS8618: O propriedade não anulável 'Group' precisa conter um valor não nulo ao sair do construtor. Considere adicionar o modificador "obrigatório" ou declarar o propriedade como anulável. [d:\Projetos\Bolao\Bolao-Backend\Bolao-Backend.csproj]
d:\Projetos\Bolao\Bolao-Backend\Services\MachesValidate.cs(15,19): warning CS8618: O propriedade não anulável 'QualificationType' precisa conter um valor não nulo ao sair do construtor. Considere adicionar o modificador "obrigatório" ou declarar o propriedade como anulável. [d:\Projetos\Bolao\Bolao-Backend\Bolao-Backend.csproj]
d:\Projetos\Bolao\Bolao-Backend\Services\FifaThirdPlaceMatrix.cs(161,83): error CS1503: Argumento 4: não é possível converter de "System.Collections.Generic.Dictionary<int, Bolao.Models.TeamModel>" para "System.Collections.Generic.Dictionary<int, char>?" [d:\Projetos\Bolao\Bolao-Backend\Bolao-Backend.csproj]
